// Jest Snapshot v1, https://goo.gl/fbAQLP

exports[`Header should render correctly 1`] = `
<Uncontrolled(Navbar)
  bsStyle="default"
  inverse={true}
  staticTop={true}
>
  <NavbarHeader>
    <NavbarBrand>
      Brand
    </NavbarBrand>
    <NavbarToggle />
  </NavbarHeader>
  <NavbarCollapse>
    <NavbarForm
      componentClass="div"
      pullLeft={true}
      pullRight={false}
    >
      <FormGroup
        bsClass="form-group"
      >
        <FormControl
          bsClass="form-control"
          componentClass="input"
          placeholder="Search"
          type="text"
        />
      </FormGroup>
       
      <Button
        active={false}
        block={false}
        bsClass="btn"
        bsStyle="default"
        disabled={false}
        type="submit"
      >
        Submit
      </Button>
    </NavbarForm>
    <NavbarForm
      componentClass="div"
      pullLeft={false}
      pullRight={true}
    >
      <Uncontrolled(Dropdown)
        id="basic-nav-dropdown"
      >
        <DropdownToggle
          bsClass="dropdown-toggle"
          bsRole="toggle"
          open={false}
          useAnchor={false}
        >
          <Glyphicon
            bsClass="glyphicon"
            glyph="user"
          />
           User
        </DropdownToggle>
        <DropdownMenu
          bsClass="dropdown-menu"
          bsRole="menu"
          pullRight={false}
        >
          <MenuItem
            bsClass="dropdown"
            disabled={false}
            divider={false}
            eventKey={1}
            header={false}
          >
            Profile
          </MenuItem>
          <MenuItem
            bsClass="dropdown"
            disabled={false}
            divider={false}
            eventKey={2}
            header={false}
          >
            Something else
          </MenuItem>
          <MenuItem
            bsClass="dropdown"
            disabled={false}
            divider={true}
            header={false}
          />
          <MenuItem
            bsClass="dropdown"
            disabled={false}
            divider={false}
            eventKey={4}
            header={false}
          >
            <Glyphicon
              bsClass="glyphicon"
              glyph="log-out"
            />
             Log out
          </MenuItem>
        </DropdownMenu>
      </Uncontrolled(Dropdown)>
    </NavbarForm>
  </NavbarCollapse>
</Uncontrolled(Navbar)>
`;
